  姝ｅ湪纭畾瑕佽繕鍘熺殑椤圭洰鈥?
E:\ELing\AI.Boilerplate\src\Server\AI.Boilerplate.Server.Api\AI.Boilerplate.Server.Api.csproj : warning NU1901: 鍖?"AWSSDK.Core" 4.0.0.23 鍏锋湁宸茬煡鐨?浣?涓ラ噸鎬ф紡娲烇紝https://github.com/advisories/GHSA-9cvc-h2w8-phrp
E:\ELing\AI.Boilerplate\src\Server\AI.Boilerplate.Server.Api\AI.Boilerplate.Server.Api.csproj : warning NU1902: 鍖?"Magick.NET-Q16-AnyCPU" 14.11.1 鍏锋湁宸茬煡鐨?涓?涓ラ噸鎬ф紡娲烇紝https://github.com/advisories/GHSA-26qp-ffjh-2x4v
E:\ELing\AI.Boilerplate\src\Server\AI.Boilerplate.Server.Api\AI.Boilerplate.Server.Api.csproj : warning NU1902: 鍖?"Magick.NET-Q16-AnyCPU" 14.11.1 鍏锋湁宸茬煡鐨?涓?涓ラ噸鎬ф紡娲烇紝https://github.com/advisories/GHSA-cr67-pvmx-2pp2
E:\ELing\AI.Boilerplate\src\Server\AI.Boilerplate.Server.Api\AI.Boilerplate.Server.Api.csproj : warning NU1903: 鍖?"Magick.NET-Q16-AnyCPU" 14.11.1 鍏锋湁宸茬煡鐨?楂?涓ラ噸鎬ф紡娲烇紝https://github.com/advisories/GHSA-fwvm-ggf6-2p4x
E:\ELing\AI.Boilerplate\src\Server\AI.Boilerplate.Server.Api\AI.Boilerplate.Server.Api.csproj : warning NU1902: 鍖?"Magick.NET-Q16-AnyCPU" 14.11.1 鍏锋湁宸茬煡鐨?涓?涓ラ噸鎬ф紡娲烇紝https://github.com/advisories/GHSA-v67w-737x-v2c9
E:\ELing\AI.Boilerplate\src\Server\AI.Boilerplate.Server.Api\AI.Boilerplate.Server.Api.csproj : warning NU1903: 鍖?"Magick.NET-Q16-AnyCPU" 14.11.1 鍏锋湁宸茬煡鐨?楂?涓ラ噸鎬ф紡娲烇紝https://github.com/advisories/GHSA-x9h5-r9v2-vcww
  宸茶繕鍘?E:\ELing\AI.Boilerplate\src\Server\AI.Boilerplate.Server.Shared\AI.Boilerplate.Server.Shared.csproj (鐢ㄦ椂 585 姣)銆?
  宸茶繕鍘?E:\ELing\AI.Boilerplate\src\Shared\AI.Boilerplate.Shared.csproj (鐢ㄦ椂 562 姣)銆?
  宸茶繕鍘?E:\ELing\AI.Boilerplate\src\Server\AI.Boilerplate.Server.Api\AI.Boilerplate.Server.Api.csproj (鐢ㄦ椂 691 姣)銆?
E:\ELing\AI.Boilerplate\src\Server\AI.Boilerplate.Server.Api\AI.Boilerplate.Server.Api.csproj : warning NU1901: 鍖?"AWSSDK.Core" 4.0.0.23 鍏锋湁宸茬煡鐨?浣?涓ラ噸鎬ф紡娲烇紝https://github.com/advisories/GHSA-9cvc-h2w8-phrp
E:\ELing\AI.Boilerplate\src\Server\AI.Boilerplate.Server.Api\AI.Boilerplate.Server.Api.csproj : warning NU1902: 鍖?"Magick.NET-Q16-AnyCPU" 14.11.1 鍏锋湁宸茬煡鐨?涓?涓ラ噸鎬ф紡娲烇紝https://github.com/advisories/GHSA-26qp-ffjh-2x4v
E:\ELing\AI.Boilerplate\src\Server\AI.Boilerplate.Server.Api\AI.Boilerplate.Server.Api.csproj : warning NU1902: 鍖?"Magick.NET-Q16-AnyCPU" 14.11.1 鍏锋湁宸茬煡鐨?涓?涓ラ噸鎬ф紡娲烇紝https://github.com/advisories/GHSA-cr67-pvmx-2pp2
E:\ELing\AI.Boilerplate\src\Server\AI.Boilerplate.Server.Api\AI.Boilerplate.Server.Api.csproj : warning NU1903: 鍖?"Magick.NET-Q16-AnyCPU" 14.11.1 鍏锋湁宸茬煡鐨?楂?涓ラ噸鎬ф紡娲烇紝https://github.com/advisories/GHSA-fwvm-ggf6-2p4x
E:\ELing\AI.Boilerplate\src\Server\AI.Boilerplate.Server.Api\AI.Boilerplate.Server.Api.csproj : warning NU1902: 鍖?"Magick.NET-Q16-AnyCPU" 14.11.1 鍏锋湁宸茬煡鐨?涓?涓ラ噸鎬ф紡娲烇紝https://github.com/advisories/GHSA-v67w-737x-v2c9
E:\ELing\AI.Boilerplate\src\Server\AI.Boilerplate.Server.Api\AI.Boilerplate.Server.Api.csproj : warning NU1903: 鍖?"Magick.NET-Q16-AnyCPU" 14.11.1 鍏锋湁宸茬煡鐨?楂?涓ラ噸鎬ф紡娲烇紝https://github.com/advisories/GHSA-x9h5-r9v2-vcww
  AI.Boilerplate.Shared -> E:\ELing\AI.Boilerplate\src\Shared\bin\Debug\net10.0\AI.Boilerplate.Shared.dll
  AI.Boilerplate.Server.Shared -> E:\ELing\AI.Boilerplate\src\Server\AI.Boilerplate.Server.Shared\bin\Debug\net10.0\AI.Boilerplate.Server.Shared.dll
  AI.Boilerplate.Server.Api -> E:\ELing\AI.Boilerplate\src\Server\AI.Boilerplate.Server.Api\bin\Debug\net10.0\AI.Boilerplate.Server.Api.dll

宸叉垚鍔熺敓鎴愩€?

E:\ELing\AI.Boilerplate\src\Server\AI.Boilerplate.Server.Api\AI.Boilerplate.Server.Api.csproj : warning NU1901: 鍖?"AWSSDK.Core" 4.0.0.23 鍏锋湁宸茬煡鐨?浣?涓ラ噸鎬ф紡娲烇紝https://github.com/advisories/GHSA-9cvc-h2w8-phrp
E:\ELing\AI.Boilerplate\src\Server\AI.Boilerplate.Server.Api\AI.Boilerplate.Server.Api.csproj : warning NU1902: 鍖?"Magick.NET-Q16-AnyCPU" 14.11.1 鍏锋湁宸茬煡鐨?涓?涓ラ噸鎬ф紡娲烇紝https://github.com/advisories/GHSA-26qp-ffjh-2x4v
E:\ELing\AI.Boilerplate\src\Server\AI.Boilerplate.Server.Api\AI.Boilerplate.Server.Api.csproj : warning NU1902: 鍖?"Magick.NET-Q16-AnyCPU" 14.11.1 鍏锋湁宸茬煡鐨?涓?涓ラ噸鎬ф紡娲烇紝https://github.com/advisories/GHSA-cr67-pvmx-2pp2
E:\ELing\AI.Boilerplate\src\Server\AI.Boilerplate.Server.Api\AI.Boilerplate.Server.Api.csproj : warning NU1903: 鍖?"Magick.NET-Q16-AnyCPU" 14.11.1 鍏锋湁宸茬煡鐨?楂?涓ラ噸鎬ф紡娲烇紝https://github.com/advisories/GHSA-fwvm-ggf6-2p4x
E:\ELing\AI.Boilerplate\src\Server\AI.Boilerplate.Server.Api\AI.Boilerplate.Server.Api.csproj : warning NU1902: 鍖?"Magick.NET-Q16-AnyCPU" 14.11.1 鍏锋湁宸茬煡鐨?涓?涓ラ噸鎬ф紡娲烇紝https://github.com/advisories/GHSA-v67w-737x-v2c9
E:\ELing\AI.Boilerplate\src\Server\AI.Boilerplate.Server.Api\AI.Boilerplate.Server.Api.csproj : warning NU1903: 鍖?"Magick.NET-Q16-AnyCPU" 14.11.1 鍏锋湁宸茬煡鐨?楂?涓ラ噸鎬ф紡娲烇紝https://github.com/advisories/GHSA-x9h5-r9v2-vcww
E:\ELing\AI.Boilerplate\src\Server\AI.Boilerplate.Server.Api\AI.Boilerplate.Server.Api.csproj : warning NU1901: 鍖?"AWSSDK.Core" 4.0.0.23 鍏锋湁宸茬煡鐨?浣?涓ラ噸鎬ф紡娲烇紝https://github.com/advisories/GHSA-9cvc-h2w8-phrp
E:\ELing\AI.Boilerplate\src\Server\AI.Boilerplate.Server.Api\AI.Boilerplate.Server.Api.csproj : warning NU1902: 鍖?"Magick.NET-Q16-AnyCPU" 14.11.1 鍏锋湁宸茬煡鐨?涓?涓ラ噸鎬ф紡娲烇紝https://github.com/advisories/GHSA-26qp-ffjh-2x4v
E:\ELing\AI.Boilerplate\src\Server\AI.Boilerplate.Server.Api\AI.Boilerplate.Server.Api.csproj : warning NU1902: 鍖?"Magick.NET-Q16-AnyCPU" 14.11.1 鍏锋湁宸茬煡鐨?涓?涓ラ噸鎬ф紡娲烇紝https://github.com/advisories/GHSA-cr67-pvmx-2pp2
E:\ELing\AI.Boilerplate\src\Server\AI.Boilerplate.Server.Api\AI.Boilerplate.Server.Api.csproj : warning NU1903: 鍖?"Magick.NET-Q16-AnyCPU" 14.11.1 鍏锋湁宸茬煡鐨?楂?涓ラ噸鎬ф紡娲烇紝https://github.com/advisories/GHSA-fwvm-ggf6-2p4x
E:\ELing\AI.Boilerplate\src\Server\AI.Boilerplate.Server.Api\AI.Boilerplate.Server.Api.csproj : warning NU1902: 鍖?"Magick.NET-Q16-AnyCPU" 14.11.1 鍏锋湁宸茬煡鐨?涓?涓ラ噸鎬ф紡娲烇紝https://github.com/advisories/GHSA-v67w-737x-v2c9
E:\ELing\AI.Boilerplate\src\Server\AI.Boilerplate.Server.Api\AI.Boilerplate.Server.Api.csproj : warning NU1903: 鍖?"Magick.NET-Q16-AnyCPU" 14.11.1 鍏锋湁宸茬煡鐨?楂?涓ラ噸鎬ф紡娲烇紝https://github.com/advisories/GHSA-x9h5-r9v2-vcww
    12 涓鍛?
    0 涓敊璇?

宸茬敤鏃堕棿 00:00:03.72
